[2026-08-10T16:32:22.115Z] Starting dev server with command: pnpm run dev
[2026-08-10T16:32:24.215Z] > vlk-infosec-consulting@1.0.0 dev /home/ubuntu/vlk-infosec-consulting
[2026-08-10T16:32:24.215Z] > vite --host
[2026-08-10T16:32:24.698Z] VITE v7.1.9  ready in 439 ms
[2026-08-10T16:32:24.698Z] ➜  Local:   http://localhost:3000/
[2026-08-10T16:32:24.698Z] ➜  Network: http://169.254.0.21:3000/
[2026-08-10T16:34:22.858Z] [baseline-browser-mapping] The data in this module is over two months old.  To ensure accurate Baseline data, please update: `npm i baseline-browser-mapping@latest -D`
[2026-08-10T16:34:48.324Z] 4:34:48 PM [vite] (client) page reload index.html
[2026-08-11T16:37:47.811Z] 4:37:47 PM [vite] (client) page reload index.html
[2026-08-11T16:40:27.178Z] 4:40:27 PM [vite] (client) hmr update /src/pages/Home.tsx, /src/index.css
[2026-08-11T16:40:37.449Z] 4:40:37 PM [vite] (client) hmr update /src/pages/Home.tsx, /src/index.css
[2026-08-11T16:40:45.514Z] 4:40:45 PM [vite] (client) hmr update /src/index.css
[2026-08-11T16:41:21.115Z] 4:41:21 PM [vite] (client) hmr update /src/pages/Home.tsx, /src/index.css
[2026-08-11T16:42:31.055Z] 4:42:31 PM [vite] (client) hmr update /src/index.css
[2026-08-11T18:20:49.934Z] 6:20:49 PM [vite] (client) hmr update /src/index.css
[2026-08-11T18:21:48.882Z] 6:21:48 PM [vite] (client) hmr update /src/pages/Home.tsx, /src/index.css
[2026-08-11T18:23:04.994Z] 6:23:04 PM [vite] (client) page reload index.html
[2026-08-11T18:23:18.816Z] 6:23:18 PM [vite] (client) page reload index.html
[2026-08-11T18:23:32.708Z] 6:23:32 PM [vite] (client) hmr update /src/index.css
[2026-08-11T18:26:01.515Z] 6:26:01 PM [vite] (client) page reload index.html
[2026-08-11T18:27:18.143Z] 6:27:18 PM [vite] (client) hmr update /src/index.css
